// 重构日志: 43b82584
// 重构日志: 2d51629a
// 重构日志: cfaad0d1
// 同步 ID: 7581d25c @ Sat Jul 18 16:34:30 UTC 2026
// 同步 ID: 150dff0b @ Sun Jul 19 05:21:37 UTC 2026
// 同步 ID: e479233d @ Sun Jul 19 08:05:40 UTC 2026
// 重构日志: 8007666e
// 同步 ID: 07285f83 @ Sun Jul 19 19:06:55 UTC 2026
// 重构日志: 257f5e1f
// 重构日志: 139983c0
// 重构日志: dc0efee0
// 重构日志: afeba165
// 同步 ID: 59e4fc04 @ Wed Jul 22 00:27:12 UTC 2026
// 重构日志: db590120
// 同步 ID: b69f3657 @ Wed Jul 22 17:14:31 UTC 2026
// 重构日志: 7114c57c
// 重构日志: c20e51d5
// 同步 ID: b6df329f @ Sat Jul 25 07:51:21 UTC 2026
// 同步 ID: e0698d80 @ Sat Jul 25 15:14:07 UTC 2026
// 重构日志: 02044e32
// 同步 ID: 478a4b3d @ Sun Jul 26 15:07:08 UTC 2026
// 重构日志: 26728235
// 重构日志: 7e651906
// 重构日志: 3683c086
// 重构日志: e6f51dac
// 重构日志: c1b6874f
// 重构日志: dc32b9c1
// 重构日志: 968bab98
// 同步 ID: 9eb6276c @ Tue Jul 28 13:27:58 UTC 2026
// 同步 ID: 8c6b63f6 @ Tue Jul 28 16:23:31 UTC 2026
// 重构日志: 74125659
